<?xml version="1.0" encoding="UTF-8"?><mappingRoot xmlns="http://www.ibm.com/2008/ccl/Mapping" domainID="com.ibm.msl.mapping.xml" targetNamespace="http://AppS_SubmitResourceOrder_TIBCO/xslt/Map_SDM_CreateSub_Req" version="8.0.4.0" xmlns:map="http://AppS_SubmitResourceOrder_TIBCO/xslt/Map_SDM_CreateSub_Req">
    <input correlationContext="" message="{http://h3g.ibm.serviceactivation.threeDS}createSubscriptionResponseMsg" sharedContext="{http://AS_SubmitResourceOrder_TIBCO}Tibco_SharedBO" smoName="wsdl-primary" transientContext="" type="smo" types="" xpath="/"/>
    <output correlationContext="" message="{http://three.co.uk/wsdl/resourceorder-3ds/v1}addRequestRequest" sharedContext="{http://AS_SubmitResourceOrder_TIBCO}Tibco_SharedBO" smoName="wsdl-primary" transientContext="" type="smo" types="" xpath="/"/>
    <namespaces>
        <namespace kind="supplement" prefix="in2" uri="http://h3g.ibm.serviceactivation.threeDS"/>
        <namespace kind="supplement" prefix="in4" uri="http://www.ibm.com/software/issw/telecom/pack/v8.5.0/lite/businessobject/system/sid-v12.5"/>
        <namespace kind="supplement" prefix="in3" uri="http://www.ibm.com/software/issw/telecom/pack/v8.5.0/lite/businessobject/system/assurance/extension"/>
        <namespace kind="supplement" prefix="io5" uri="urn:siemens:names:prov:gw:SPML:2:0"/>
        <namespace kind="supplement" prefix="io4" uri="http://www.ibm.com/telecom/v8.5.0/businessobject/system/sid-v12.5/common"/>
        <namespace kind="supplement" prefix="io3" uri="http://www.ibm.com/websphere/sibx/smo/v6.0.1"/>
        <namespace kind="supplement" prefix="io2" uri="http://www.ibm.com/xmlns/prod/websphere/mq/sca/6.0.0"/>
        <namespace kind="supplement" prefix="in" uri="http://www.ibm.com/telecom/v8.5.0/businessobject/system/sid-v12.5/common/extensions"/>
        <namespace kind="supplement" prefix="io" uri="http://schemas.xmlsoap.org/ws/2004/08/addressing"/>
        <namespace kind="supplement" prefix="in14" uri="http://www.ibm.com/telecom/v8.5.0/businessobject/system/sid-v12.5/billing/extensions"/>
        <namespace kind="supplement" prefix="io10" uri="http://TIBCO_OSS_Library"/>
        <namespace kind="supplement" prefix="in11" uri="http://www.ibm.com/software/issw/telecom/pack/v8.5.0/lite/businessobject/system/common/extension"/>
        <namespace kind="supplement" prefix="in9" uri="http://www.ibm.com/telecom/v8.5.0/businessobject/system/sid-v12.5/messageview"/>
        <namespace kind="supplement" prefix="io8" uri="http://www.w3.org/2005/08/addressing"/>
        <namespace kind="supplement" prefix="in10" uri="wsdl.http://h3g.ibm.serviceactivation.threeDS"/>
        <namespace kind="supplement" prefix="io9" uri="http://AS_SubmitResourceOrder_TIBCO"/>
        <namespace kind="supplement" prefix="in13" uri="http://www.ibm.com/telecom/v8.5.0/businessobject/system/sid-v12.5/assurance/extensions"/>
        <namespace kind="supplement" prefix="io6" uri="http://www.ibm.com/xmlns/prod/websphere/http/sca/6.1.0"/>
        <namespace kind="supplement" prefix="io11" uri="http://www.w3.org/2003/05/soap-envelope"/>
        <namespace kind="supplement" prefix="in12" uri="http://www.ibm.com/telecom/v8.5.0/businessobject/system/sid-v12.5/fulfillment/extensions"/>
        <namespace kind="supplement" prefix="io7" uri="http://TPCMN"/>
        <namespace kind="supplement" prefix="in5" uri="http://www.ibm.com/telecom/v8.5.0/businessobject/system/sid-v12.5/systemview"/>
        <namespace kind="supplement" prefix="in6" uri="urn:siemens:names:prov:gw:MA_SUBSCRIBER:1:0"/>
        <namespace kind="supplement" prefix="in7" uri="http://www.ibm.com/software/issw/telecom/pack/v8.5.0/lite/businessobject/system/billing/extension"/>
        <namespace kind="supplement" prefix="in8" uri="http://www.ibm.com/software/issw/telecom/pack/v8.5.0/lite/businessobject/system/fulfillment/extension"/>
        <namespace kind="supplement" prefix="out2" uri="urn:siemens:names:prov:gw:H3GSUBSCRIBER:1:0"/>
        <namespace kind="supplement" prefix="out" uri="wsdl.http://three.co.uk/wsdl/resourceorder-3ds/v1"/>
    </namespaces>
    <generation engine="xslt2"/>
    <mappingDeclaration name="Map_3DS_CreateSub_Req">
        <input namespace="http://www.ibm.com/websphere/sibx/smo/v6.0.1" path="smo"/>
        <output namespace="http://www.ibm.com/websphere/sibx/smo/v6.0.1" path="smo"/>
        <move>
            <input path="context/shared"/>
            <output path="context/shared"/>
        </move>
        <local>
            <input path="body/createSubscriptionResponse/spmlAddRequest"/>
            <output path="body/addRequest"/>
            <move>
                <input path="@callback"/>
                <output path="@callback"/>
            </move>
            <move>
                <input path="@execution"/>
                <output path="@execution"/>
            </move>
            <move>
                <input path="@language"/>
                <output path="@language"/>
            </move>
            <move>
                <input path="@newGenerated"/>
                <output path="@newGenerated"/>
            </move>
            <move>
                <input path="@requestID"/>
                <output path="@requestID"/>
            </move>
            <move>
                <input path="@timestamp"/>
                <output path="@timestamp"/>
            </move>
            <move>
                <input path="@returnResultingObject"/>
                <output path="@returnResultingObject"/>
            </move>
            <foreach>
                <input path="operationalAttributes/attributes"/>
                <output path="operationalAttributes/attributes"/>
                <move>
                    <input path="key"/>
                    <output path="key"/>
                </move>
                <move>
                    <input path="value"/>
                    <output path="value"/>
                </move>
            </foreach>
            <local>
                <input path="H3G3DS_object"/>
                <output path="object/Subscriber"/>
                <move>
                    <input path="identifier"/>
                    <output path="identifier"/>
                </move>
                <convert>
                    <input path="auc"/>
                    <output path="auc"/>
                </convert>
                <convert>
                    <input path="profile"/>
                    <output path="profile"/>
                </convert>
                <convert>
                    <input path="h3g"/>
                    <output path="h3g"/>
                </convert>
                <convert>
                    <input path="h3gIn"/>
                    <output path="h3gIn"/>
                </convert>
                <move>
                    <input path="isVoid"/>
                    <output path="isVoid"/>
                </move>
                <move>
                    <input path="masteredBy"/>
                    <output path="masteredBy"/>
                </move>
            </local>
        </local>
    </mappingDeclaration>
</mappingRoot>