<?xml version="1.0" encoding="UTF-8"?><mappingRoot xmlns="http://www.ibm.com/2008/ccl/Mapping" domainID="com.ibm.msl.mapping.xml" targetNamespace="http://AppS_SubmitResourceOrder_TIBCO/xslt/Map_Stub_ModifySub_Resp" version="8.0.4.0" xmlns:map="http://AppS_SubmitResourceOrder_TIBCO/xslt/Map_Stub_ModifySub_Resp">
    <input correlationContext="" message="{http://TPRMOAI/AIS/SubmitResourceOrder}invokeMsg" sharedContext="{http://AS_SubmitResourceOrder_TIBCO}Tibco_SharedBO" smoName="wsdl-primary" transientContext="" type="smo" types="" xpath="/"/>
    <output correlationContext="" message="{http://TPRMOAI/AIS/SubmitResourceOrder}invokeResponseMsg" sharedContext="{http://AS_SubmitResourceOrder_TIBCO}Tibco_SharedBO" smoName="wsdl-primary" transientContext="" type="smo" types="" xpath="/"/>
    <namespaces>
        <namespace kind="supplement" prefix="io5" uri="http://www.ibm.com/websphere/sibx/smo/v6.0.1"/>
        <namespace kind="supplement" prefix="io4" uri="http://www.ibm.com/xmlns/prod/websphere/mq/sca/6.0.0"/>
        <namespace kind="supplement" prefix="io3" uri="http://www.ibm.com/telecom/v8.5.0/businessobject/system/sid-v12.5/systemview"/>
        <namespace kind="supplement" prefix="io2" uri="http://www.ibm.com/telecom/v8.5.0/businessobject/system/sid-v12.5/common/extensions"/>
        <namespace kind="supplement" prefix="io" uri="http://schemas.xmlsoap.org/ws/2004/08/addressing"/>
        <namespace kind="supplement" prefix="io18" uri="http://www.ibm.com/telecom/v8.5.0/businessobject/system/sid-v12.5/fulfillment/extensions"/>
        <namespace kind="supplement" prefix="io17" uri="http://www.ibm.com/software/issw/telecom/pack/v8.5.0/lite/businessobject/system/sid-v12.5"/>
        <namespace kind="supplement" prefix="io19" uri="http://www.w3.org/2003/05/soap-envelope"/>
        <namespace kind="supplement" prefix="io14" uri="http://www.ibm.com/software/issw/telecom/pack/v8.5.0/lite/businessobject/system/common/extension"/>
        <namespace kind="supplement" prefix="io13" uri="http://www.ibm.com/software/issw/telecom/pack/v8.5.0/lite/businessobject/system/fulfillment/extension"/>
        <namespace kind="supplement" prefix="io16" uri="http://TIBCO_OSS_Library"/>
        <namespace kind="supplement" prefix="io15" uri="http://www.ibm.com/software/issw/telecom/pack/v8.5.0/lite/businessobject/system/assurance/extension"/>
        <namespace kind="supplement" prefix="io23" uri="http://www.ibm.com/telecom/v8.5.0/businessobject/system/sid-v12.5/billing/extensions"/>
        <namespace kind="supplement" prefix="io8" uri="http://www.ibm.com/xmlns/prod/websphere/http/sca/6.1.0"/>
        <namespace kind="supplement" prefix="io10" uri="http://www.w3.org/2005/08/addressing"/>
        <namespace kind="supplement" prefix="io22" uri="wsdl.http://TPRMOAI/AIS/SubmitResourceOrder"/>
        <namespace kind="supplement" prefix="io9" uri="http://TPCMN"/>
        <namespace kind="supplement" prefix="io21" uri="http://TPRMOAI/AIS/SubmitResourceOrder"/>
        <namespace kind="supplement" prefix="io6" uri="http://www.ibm.com/telecom/v8.5.0/businessobject/system/sid-v12.5/common"/>
        <namespace kind="supplement" prefix="io12" uri="http://www.ibm.com/telecom/v8.5.0/businessobject/system/sid-v12.5/messageview"/>
        <namespace kind="supplement" prefix="io20" uri="http://www.ibm.com/telecom/v8.5.0/businessobject/system/sid-v12.5/assurance/extensions"/>
        <namespace kind="supplement" prefix="io7" uri="http://www.ibm.com/software/issw/telecom/pack/v8.5.0/lite/businessobject/system/billing/extension"/>
        <namespace kind="supplement" prefix="io11" uri="http://AS_SubmitResourceOrder_TIBCO"/>
    </namespaces>
    <generation engine="xslt2"/>
    <mappingDeclaration name="Map_Stub_ModifySub_Resp">
        <input namespace="http://www.ibm.com/websphere/sibx/smo/v6.0.1" path="smo"/>
        <output namespace="http://www.ibm.com/websphere/sibx/smo/v6.0.1" path="smo"/>
        <move>
            <input path="context/shared/TransID"/>
            <output path="body/invokeResponse/submitResourceOrderOutput/Header/CorrelationId_T"/>
        </move>
        <assign value="SUCCESS">
            <output path="body/invokeResponse/submitResourceOrderOutput/Header/ActivityStatusEnum_T"/>
        </assign>
        <assign value="200">
            <output path="body/invokeResponse/submitResourceOrderOutput/Header/ActivityStatus_T"/>
        </assign>
    </mappingDeclaration>
</mappingRoot>