<?xml version="1.0" encoding="UTF-8"?><mappingRoot xmlns="http://www.ibm.com/2008/ccl/Mapping" domainID="com.ibm.msl.mapping.xml" targetNamespace="http://AppS_SubmitResourceOrder_TIBCO/xslt/Map_3DS_ModifySub_Resp" version="8.0.4.0" xmlns:map="http://AppS_SubmitResourceOrder_TIBCO/xslt/Map_3DS_ModifySub_Resp">
    <input correlationContext="" message="{http://three.co.uk/wsdl/resourceorder-3ds/v1}modifyRequestResponse" sharedContext="{http://AS_SubmitResourceOrder_TIBCO}Tibco_SharedBO" smoName="wsdl-primary" transientContext="" type="smo" types="" xpath="/"/>
    <output correlationContext="" message="{http://TPRMOAI/AIS/SubmitResourceOrder}invokeResponseMsg" sharedContext="{http://AS_SubmitResourceOrder_TIBCO}Tibco_SharedBO" smoName="wsdl-primary" transientContext="" type="smo" types="" xpath="/"/>
    <namespaces>
        <namespace kind="supplement" prefix="in2" uri="wsdl.http://three.co.uk/wsdl/resourceorder-3ds/v1"/>
        <namespace kind="supplement" prefix="in3" uri="urn:siemens:names:prov:gw:H3GSUBSCRIBER:1:0"/>
        <namespace kind="supplement" prefix="io5" uri="http://www.ibm.com/xmlns/prod/websphere/http/sca/6.1.0"/>
        <namespace kind="supplement" prefix="io4" uri="http://www.ibm.com/telecom/v8.5.0/businessobject/system/sid-v12.5/common"/>
        <namespace kind="supplement" prefix="io3" uri="http://www.ibm.com/websphere/sibx/smo/v6.0.1"/>
        <namespace kind="supplement" prefix="io2" uri="http://www.ibm.com/xmlns/prod/websphere/mq/sca/6.0.0"/>
        <namespace kind="supplement" prefix="in" uri="urn:siemens:names:prov:gw:SPML:2:0"/>
        <namespace kind="supplement" prefix="io" uri="http://schemas.xmlsoap.org/ws/2004/08/addressing"/>
        <namespace kind="supplement" prefix="io10" uri="http://www.w3.org/2003/05/soap-envelope"/>
        <namespace kind="supplement" prefix="io8" uri="http://AS_SubmitResourceOrder_TIBCO"/>
        <namespace kind="supplement" prefix="io9" uri="http://TIBCO_OSS_Library"/>
        <namespace kind="supplement" prefix="io6" uri="http://TPCMN"/>
        <namespace kind="supplement" prefix="io7" uri="http://www.w3.org/2005/08/addressing"/>
        <namespace kind="supplement" prefix="out7" uri="http://www.ibm.com/software/issw/telecom/pack/v8.5.0/lite/businessobject/system/assurance/extension"/>
        <namespace kind="supplement" prefix="out6" uri="http://www.ibm.com/software/issw/telecom/pack/v8.5.0/lite/businessobject/system/common/extension"/>
        <namespace kind="supplement" prefix="out9" uri="http://www.ibm.com/telecom/v8.5.0/businessobject/system/sid-v12.5/fulfillment/extensions"/>
        <namespace kind="supplement" prefix="out8" uri="http://www.ibm.com/software/issw/telecom/pack/v8.5.0/lite/businessobject/system/sid-v12.5"/>
        <namespace kind="supplement" prefix="out11" uri="http://TPRMOAI/AIS/SubmitResourceOrder"/>
        <namespace kind="supplement" prefix="out3" uri="http://www.ibm.com/software/issw/telecom/pack/v8.5.0/lite/businessobject/system/billing/extension"/>
        <namespace kind="supplement" prefix="out12" uri="wsdl.http://TPRMOAI/AIS/SubmitResourceOrder"/>
        <namespace kind="supplement" prefix="out2" uri="http://www.ibm.com/telecom/v8.5.0/businessobject/system/sid-v12.5/systemview"/>
        <namespace kind="supplement" prefix="out5" uri="http://www.ibm.com/software/issw/telecom/pack/v8.5.0/lite/businessobject/system/fulfillment/extension"/>
        <namespace kind="supplement" prefix="out10" uri="http://www.ibm.com/telecom/v8.5.0/businessobject/system/sid-v12.5/assurance/extensions"/>
        <namespace kind="supplement" prefix="out4" uri="http://www.ibm.com/telecom/v8.5.0/businessobject/system/sid-v12.5/messageview"/>
        <namespace kind="supplement" prefix="out13" uri="http://www.ibm.com/telecom/v8.5.0/businessobject/system/sid-v12.5/billing/extensions"/>
        <namespace kind="supplement" prefix="out" uri="http://www.ibm.com/telecom/v8.5.0/businessobject/system/sid-v12.5/common/extensions"/>
    </namespaces>
    <generation engine="xslt2"/>
    <mappingDeclaration name="Map_3DS_ModifySub_Resp">
        <input namespace="http://www.ibm.com/websphere/sibx/smo/v6.0.1" path="smo"/>
        <output namespace="http://www.ibm.com/websphere/sibx/smo/v6.0.1" path="smo"/>
        <move>
            <input path="context/shared/TransID"/>
            <output path="body/invokeResponse/submitResourceOrderOutput/Header/CorrelationId_T"/>
        </move>
        <move>
            <input path="context/shared/CDMHeader/ActivityStatusEnum_T"/>
            <output path="body/invokeResponse/submitResourceOrderOutput/Header/ActivityStatusEnum_T"/>
        </move>
        <move>
            <input path="context/shared/CDMHeader/ActivityStatus_T"/>
            <output path="body/invokeResponse/submitResourceOrderOutput/Header/ActivityStatus_T"/>
        </move>
        <move>
            <input path="context/shared/CDMHeader/ProviderInfo"/>
            <output path="body/invokeResponse/submitResourceOrderOutput/Header/ProviderInfo"/>
        </move>
    </mappingDeclaration>
</mappingRoot>