<?xml version="1.0" encoding="UTF-8"?><mappingRoot xmlns="http://www.ibm.com/2008/ccl/Mapping" domainID="com.ibm.msl.mapping.xml" targetNamespace="http://AppS_SubmitResourceOrder_TIBCO/xslt/Map_SDM_CreateAUC_Req" version="8.0.4.0" xmlns:map="http://AppS_SubmitResourceOrder_TIBCO/xslt/Map_SDM_CreateAUC_Req">
    <input correlationContext="" message="{http://h3g.ibm.serviceactivation.sdm}createAUCResponseMsg" sharedContext="{http://AS_SubmitResourceOrder_TIBCO}Tibco_SharedBO" smoName="wsdl-primary" transientContext="" type="smo" types="" xpath="/"/>
    <output correlationContext="" message="{http://three.co.uk/wsdl/as_sdm_093/serviceordersdm/v1}ADDRequest" sharedContext="{http://AS_SubmitResourceOrder_TIBCO}Tibco_SharedBO" smoName="wsdl-primary" transientContext="" type="smo" types="" xpath="/"/>
    <namespaces>
        <namespace kind="supplement" prefix="in2" uri="http://www.ibm.com/software/issw/telecom/pack/v8.5.0/lite/businessobject/system/assurance/extension"/>
        <namespace kind="supplement" prefix="in4" uri="http://www.ibm.com/telecom/v8.5.0/businessobject/system/sid-v12.5/systemview"/>
        <namespace kind="supplement" prefix="in3" uri="http://www.ibm.com/software/issw/telecom/pack/v8.5.0/lite/businessobject/system/sid-v12.5"/>
        <namespace kind="supplement" prefix="io5" uri="urn:siemens:names:prov:gw:SPML:2:0"/>
        <namespace kind="supplement" prefix="io4" uri="http://www.ibm.com/telecom/v8.5.0/businessobject/system/sid-v12.5/common"/>
        <namespace kind="supplement" prefix="io3" uri="http://www.ibm.com/websphere/sibx/smo/v6.0.1"/>
        <namespace kind="supplement" prefix="io2" uri="http://www.ibm.com/xmlns/prod/websphere/mq/sca/6.0.0"/>
        <namespace kind="supplement" prefix="in" uri="http://www.ibm.com/telecom/v8.5.0/businessobject/system/sid-v12.5/common/extensions"/>
        <namespace kind="supplement" prefix="io" uri="http://schemas.xmlsoap.org/ws/2004/08/addressing"/>
        <namespace kind="supplement" prefix="in11" uri="http://www.ibm.com/telecom/v8.5.0/businessobject/system/sid-v12.5/assurance/extensions"/>
        <namespace kind="supplement" prefix="io10" uri="http://TIBCO_OSS_Library"/>
        <namespace kind="supplement" prefix="in9" uri="http://www.ibm.com/software/issw/telecom/pack/v8.5.0/lite/businessobject/system/common/extension"/>
        <namespace kind="supplement" prefix="io8" uri="http://www.w3.org/2005/08/addressing"/>
        <namespace kind="supplement" prefix="in10" uri="http://www.ibm.com/telecom/v8.5.0/businessobject/system/sid-v12.5/fulfillment/extensions"/>
        <namespace kind="supplement" prefix="io9" uri="http://AS_SubmitResourceOrder_TIBCO"/>
        <namespace kind="supplement" prefix="in13" uri="http://www.ibm.com/telecom/v8.5.0/businessobject/system/sid-v12.5/billing/extensions"/>
        <namespace kind="supplement" prefix="io6" uri="http://www.ibm.com/xmlns/prod/websphere/http/sca/6.1.0"/>
        <namespace kind="supplement" prefix="in12" uri="wsdl.http://h3g.ibm.serviceactivation.sdm"/>
        <namespace kind="supplement" prefix="io11" uri="http://www.w3.org/2003/05/soap-envelope"/>
        <namespace kind="supplement" prefix="io7" uri="http://TPCMN"/>
        <namespace kind="supplement" prefix="in5" uri="http://h3g.ibm.serviceactivation.sdm"/>
        <namespace kind="supplement" prefix="in6" uri="http://www.ibm.com/software/issw/telecom/pack/v8.5.0/lite/businessobject/system/billing/extension"/>
        <namespace kind="supplement" prefix="in7" uri="http://www.ibm.com/software/issw/telecom/pack/v8.5.0/lite/businessobject/system/fulfillment/extension"/>
        <namespace kind="supplement" prefix="in8" uri="http://www.ibm.com/telecom/v8.5.0/businessobject/system/sid-v12.5/messageview"/>
        <namespace kind="supplement" prefix="out3" uri="urn:siemens:names:prov:gw:EIR_NSR:1:0"/>
        <namespace kind="supplement" prefix="out2" uri="wsdl.http://three.co.uk/wsdl/as_sdm_093/serviceordersdm/v1"/>
        <namespace kind="supplement" prefix="out" uri="urn:siemens:names:prov:gw:MA_SUBSCRIBER:1:0"/>
        <namespace kind="supplement" prefix="in14" uri="urn:siemens:names:prov:gw:H3GSUBSCRIBER:1:0"/>
    </namespaces>
    <generation engine="xslt2"/>
    <mappingDeclaration name="Map_SDM_CreateAUC_Req">
        <input namespace="http://www.ibm.com/websphere/sibx/smo/v6.0.1" path="smo"/>
        <output namespace="http://www.ibm.com/websphere/sibx/smo/v6.0.1" path="smo"/>
        <move>
            <input path="context/shared"/>
            <output path="context/shared"/>
        </move>
        <local>
            <input path="body/createAUCResponse/spmlAddRequest"/>
            <output path="body/addRequest"/>
            <move>
                <input path="@callback"/>
                <output path="@callback"/>
            </move>
            <move>
                <input path="@execution"/>
                <output path="@execution"/>
            </move>
            <move>
                <input path="@language"/>
                <output path="@language"/>
            </move>
            <move>
                <input path="@newGenerated"/>
                <output path="@newGenerated"/>
            </move>
            <move>
                <input path="@requestID"/>
                <output path="@requestID"/>
            </move>
            <move>
                <input path="@timestamp"/>
                <output path="@timestamp"/>
            </move>
            <move>
                <input path="@returnResultingObject"/>
                <output path="@returnResultingObject"/>
            </move>
            <convert>
                <input path="operationalAttributes"/>
                <output path="operationalAttributes"/>
            </convert>
            <move>
                <input path="version"/>
                <output path="version"/>
            </move>
            <local>
                <input path="object"/>
                <output path="object/Subscriber"/>
                <foreach>
                    <input path="auc"/>
                    <output path="auc"/>
                    <move automap="true">
                        <input path="imsi"/>
                        <output path="imsi"/>
                    </move>
                    <move automap="true">
                        <input path="encKey"/>
                        <output path="encKey"/>
                    </move>
                    <move automap="true">
                        <input path="iccId"/>
                        <output path="iccId"/>
                    </move>
                    <move automap="true">
                        <input path="algoId"/>
                        <output path="algoId"/>
                    </move>
                    <move automap="true">
                        <input path="cv"/>
                        <output path="cv"/>
                    </move>
                    <move automap="true">
                        <input path="hmac"/>
                        <output path="hmac"/>
                    </move>
                    <move automap="true">
                        <input path="kdbId"/>
                        <output path="kdbId"/>
                    </move>
                    <move automap="true">
                        <input path="acsub"/>
                        <output path="acsub"/>
                    </move>
                    <move automap="true">
                        <input path="amf"/>
                        <output path="amf"/>
                    </move>
                    <move automap="true">
                        <input path="sqn"/>
                        <output path="sqn"/>
                    </move>
                    <move automap="true">
                        <input path="opcEncKey"/>
                        <output path="opcEncKey"/>
                    </move>
                </foreach>
                <local>
                    <input path="profile"/>
                    <output path="profile"/>
                    <move automap="true">
                        <input path="givenName"/>
                        <output path="givenName"/>
                    </move>
                    <move automap="true">
                        <input path="surname"/>
                        <output path="surname"/>
                    </move>
                    <move automap="true">
                        <input path="username"/>
                        <output path="username"/>
                    </move>
                    <move automap="true">
                        <input path="password"/>
                        <output path="password"/>
                    </move>
                    <move automap="true">
                        <input path="loginPassword"/>
                        <output path="loginPassword"/>
                    </move>
                    <move automap="true">
                        <input path="prepaid"/>
                        <output path="prepaid"/>
                    </move>
                    <move automap="true">
                        <input path="roamingAllowed"/>
                        <output path="roamingAllowed"/>
                    </move>
                    <move automap="true">
                        <input path="notificationEmail"/>
                        <output path="notificationEmail"/>
                    </move>
                    <move automap="true">
                        <input path="preferredLanguage"/>
                        <output path="preferredLanguage"/>
                    </move>
                </local>
                <local>
                    <input path="hlr"/>
                    <output path="hlr"/>
                    <convert>
                        <input path="."/>
                        <output path="."/>
                    </convert>
                </local>
                <convert>
                    <input path="hss"/>
                    <output path="hss"/>
                </convert>
                <convert>
                    <input path="mnp"/>
                    <output path="mnp"/>
                </convert>
                <convert>
                    <input path="eir"/>
                    <output path="eir"/>
                </convert>
                <move>
                    <input path="isVoid"/>
                    <output path="isVoid"/>
                </move>
                <move>
                    <input path="masteredBy"/>
                    <output path="masteredBy"/>
                </move>
            </local>
            <move>
                <input path="object/identifier"/>
                <output path="object/identifier"/>
            </move>
        </local>
    </mappingDeclaration>
</mappingRoot>