<?xml version="1.0" encoding="UTF-8"?>
<map:businessObjectMap xmlns:Map_ResourceOrderitem_To_ResourceOrderItem="http://AppS_SubmitResourceOrder_TIBCO" xmlns:ResourceOrderItem="http://www.ibm.com/telecom/v8.5.0/businessobject/system/sid-v12.5/systemview" xmlns:map="http://www.ibm.com/xmlns/prod/websphere/wbiserver/map/6.0.0" targetNamespace="http://AppS_SubmitResourceOrder_TIBCO">
  <map:name>Map_ResourceOrderitem_To_ResourceOrderItem</map:name>
  <map:inputBusinessObjectVariable businessObjectRef="ResourceOrderItem:ResourceOrderItem" name="ResourceOrderItem"/>
  <map:outputBusinessObjectVariable businessObjectRef="ResourceOrderItem:ResourceOrderItem" name="ResourceOrderItem_1"/>
  <map:propertyMap executionOrder="1">
    <map:move>
      <map:input businessObjectVariableRef="ResourceOrderItem" property="BusinessInteractionItem/ID"/>
      <map:output businessObjectVariableRef="ResourceOrderItem_1" property="BusinessInteractionItem/ID"/>
    </map:move>
  </map:propertyMap>
  <map:propertyMap executionOrder="2">
    <map:move>
      <map:input businessObjectVariableRef="ResourceOrderItem" property="BusinessInteractionItem/action"/>
      <map:output businessObjectVariableRef="ResourceOrderItem_1" property="BusinessInteractionItem/action"/>
    </map:move>
  </map:propertyMap>
  <map:propertyMap executionOrder="3">
    <map:move>
      <map:input businessObjectVariableRef="ResourceOrderItem" property="BusinessInteractionItem/Resource/LogicalResource/ID/ID"/>
      <map:output businessObjectVariableRef="ResourceOrderItem_1" property="BusinessInteractionItem/Resource/ID/name"/>
    </map:move>
  </map:propertyMap>
  <map:propertyMap executionOrder="4">
    <map:move>
      <map:input businessObjectVariableRef="ResourceOrderItem" property="BusinessInteractionItem/Resource/PhysicalResource/ID/ID"/>
      <map:output businessObjectVariableRef="ResourceOrderItem_1" property="BusinessInteractionItem/Resource/ID/name"/>
    </map:move>
  </map:propertyMap>
  <map:propertyMap executionOrder="5">
    <map:move>
      <map:input businessObjectVariableRef="ResourceOrderItem" property="BusinessInteractionItem/Resource/ID/type"/>
      <map:output businessObjectVariableRef="ResourceOrderItem_1" property="BusinessInteractionItem/Resource/ID/type"/>
    </map:move>
  </map:propertyMap>
  <map:propertyMap executionOrder="6">
    <map:set value="LR002">
      <map:output businessObjectVariableRef="ResourceOrderItem_1" property="BusinessInteractionItem/Resource/ID/ID"/>
    </map:set>
  </map:propertyMap>
</map:businessObjectMap>